{"timestamp":"2024-01-20T08:00:01.112Z","level":"INFO","service":"project-db","message":"Checkpoint starting: wal","metadata":{"pid":1234,"database":"projectdb","wal_size_mb":40960}}
{"timestamp":"2024-01-20T08:00:02.334Z","level":"INFO","service":"project-db","message":"Checkpoint complete","metadata":{"pid":1234,"database":"projectdb","duration_ms":1222,"wal_records_flushed":3200}}
{"timestamp":"2024-01-20T08:00:05.556Z","level":"INFO","service":"project-db","message":"Connection pool stats","metadata":{"active_connections":6,"idle_connections":11,"total_connections":17,"max_connections":100,"waiting_clients":0}}
{"timestamp":"2024-01-20T08:05:00.112Z","level":"INFO","service":"project-db","message":"Query execution stats","metadata":{"database":"projectdb","queries_last_5min":482,"avg_query_time_ms":12,"max_query_time_ms":45,"slow_queries":0}}
{"timestamp":"2024-01-20T08:10:00.223Z","level":"INFO","service":"project-db","message":"Connection pool stats","metadata":{"active_connections":5,"idle_connections":12,"total_connections":17,"max_connections":100,"waiting_clients":0}}
{"timestamp":"2024-01-20T08:15:00.334Z","level":"WARN","service":"project-db","message":"Replication slot has no active subscriber","metadata":{"slot_name":"project_replica_slot","database":"projectdb","active":false,"retained_wal_mb":40960,"slot_type":"physical","created_at":"2024-01-10T09:00:00Z"}}
{"timestamp":"2024-01-20T08:15:00.445Z","level":"INFO","service":"project-db","message":"Autovacuum: processing table projects","metadata":{"pid":1240,"database":"projectdb","table":"projects","pages_removed":8,"tuples_removed":220,"duration_ms":890}}
{"timestamp":"2024-01-20T08:20:00.556Z","level":"INFO","service":"project-db","message":"Connection pool stats","metadata":{"active_connections":7,"idle_connections":10,"total_connections":17,"max_connections":100,"waiting_clients":0}}
{"timestamp":"2024-01-20T08:25:00.667Z","level":"INFO","service":"project-db","message":"Query execution stats","metadata":{"database":"projectdb","queries_last_5min":510,"avg_query_time_ms":11,"max_query_time_ms":38,"slow_queries":0}}
{"timestamp":"2024-01-20T08:30:01.112Z","level":"INFO","service":"project-db","message":"Checkpoint starting: wal","metadata":{"pid":1234,"database":"projectdb","wal_size_mb":42880}}
{"timestamp":"2024-01-20T08:30:02.445Z","level":"INFO","service":"project-db","message":"Checkpoint complete","metadata":{"pid":1234,"database":"projectdb","duration_ms":1333,"wal_records_flushed":3450}}
{"timestamp":"2024-01-20T08:30:05.778Z","level":"INFO","service":"project-db","message":"Connection pool stats","metadata":{"active_connections":5,"idle_connections":12,"total_connections":17,"max_connections":100,"waiting_clients":0}}
{"timestamp":"2024-01-20T08:35:00.889Z","level":"INFO","service":"project-db","message":"Query execution stats","metadata":{"database":"projectdb","queries_last_5min":495,"avg_query_time_ms":13,"max_query_time_ms":42,"slow_queries":0}}
{"timestamp":"2024-01-20T08:45:00.112Z","level":"WARN","service":"project-db","message":"Replication slot has no active subscriber","metadata":{"slot_name":"project_replica_slot","database":"projectdb","active":false,"retained_wal_mb":43904,"slot_type":"physical","created_at":"2024-01-10T09:00:00Z"}}
{"timestamp":"2024-01-20T08:45:00.223Z","level":"INFO","service":"project-db","message":"Connection pool stats","metadata":{"active_connections":6,"idle_connections":11,"total_connections":17,"max_connections":100,"waiting_clients":0}}
{"timestamp":"2024-01-20T08:50:00.334Z","level":"INFO","service":"project-db","message":"Query execution stats","metadata":{"database":"projectdb","queries_last_5min":488,"avg_query_time_ms":12,"max_query_time_ms":40,"slow_queries":0}}
{"timestamp":"2024-01-20T09:00:01.445Z","level":"INFO","service":"project-db","message":"Checkpoint starting: wal","metadata":{"pid":1234,"database":"projectdb","wal_size_mb":44928}}
{"timestamp":"2024-01-20T09:00:02.778Z","level":"INFO","service":"project-db","message":"Checkpoint complete","metadata":{"pid":1234,"database":"projectdb","duration_ms":1333,"wal_records_flushed":3380}}
{"timestamp":"2024-01-20T09:00:05.112Z","level":"INFO","service":"project-db","message":"Connection pool stats","metadata":{"active_connections":7,"idle_connections":10,"total_connections":17,"max_connections":100,"waiting_clients":0}}
{"timestamp":"2024-01-20T09:10:00.223Z","level":"INFO","service":"project-db","message":"Query execution stats","metadata":{"database":"projectdb","queries_last_5min":501,"avg_query_time_ms":11,"max_query_time_ms":39,"slow_queries":0}}
{"timestamp":"2024-01-20T09:15:00.334Z","level":"WARN","service":"project-db","message":"Replication slot has no active subscriber","metadata":{"slot_name":"project_replica_slot","database":"projectdb","active":false,"retained_wal_mb":46080,"slot_type":"physical","created_at":"2024-01-10T09:00:00Z"}}
{"timestamp":"2024-01-20T09:20:00.445Z","level":"INFO","service":"project-db","message":"Connection pool stats","metadata":{"active_connections":5,"idle_connections":12,"total_connections":17,"max_connections":100,"waiting_clients":0}}
{"timestamp":"2024-01-20T09:25:00.556Z","level":"INFO","service":"project-db","message":"Autovacuum: processing table tasks","metadata":{"pid":1242,"database":"projectdb","table":"tasks","pages_removed":15,"tuples_removed":480,"duration_ms":1100}}
{"timestamp":"2024-01-20T09:30:01.667Z","level":"INFO","service":"project-db","message":"Checkpoint starting: wal","metadata":{"pid":1234,"database":"projectdb","wal_size_mb":47104}}
{"timestamp":"2024-01-20T09:30:03.001Z","level":"INFO","service":"project-db","message":"Checkpoint complete","metadata":{"pid":1234,"database":"projectdb","duration_ms":1334,"wal_records_flushed":3520}}
{"timestamp":"2024-01-20T09:30:05.334Z","level":"INFO","service":"project-db","message":"Connection pool stats","metadata":{"active_connections":6,"idle_connections":11,"total_connections":17,"max_connections":100,"waiting_clients":0}}
{"timestamp":"2024-01-20T09:40:00.445Z","level":"INFO","service":"project-db","message":"Query execution stats","metadata":{"database":"projectdb","queries_last_5min":478,"avg_query_time_ms":12,"max_query_time_ms":44,"slow_queries":0}}
{"timestamp":"2024-01-20T09:45:00.556Z","level":"WARN","service":"project-db","message":"Replication slot has no active subscriber","metadata":{"slot_name":"project_replica_slot","database":"projectdb","active":false,"retained_wal_mb":48128,"slot_type":"physical","created_at":"2024-01-10T09:00:00Z"}}
{"timestamp":"2024-01-20T09:50:00.667Z","level":"INFO","service":"project-db","message":"Connection pool stats","metadata":{"active_connections":5,"idle_connections":12,"total_connections":17,"max_connections":100,"waiting_clients":0}}
{"timestamp":"2024-01-20T09:55:00.778Z","level":"INFO","service":"project-db","message":"Query execution stats","metadata":{"database":"projectdb","queries_last_5min":506,"avg_query_time_ms":11,"max_query_time_ms":37,"slow_queries":0}}
{"timestamp":"2024-01-20T10:00:01.889Z","level":"INFO","service":"project-db","message":"Checkpoint starting: wal","metadata":{"pid":1234,"database":"projectdb","wal_size_mb":49152}}
{"timestamp":"2024-01-20T10:00:03.112Z","level":"INFO","service":"project-db","message":"Checkpoint complete","metadata":{"pid":1234,"database":"projectdb","duration_ms":1223,"wal_records_flushed":3490}}
{"timestamp":"2024-01-20T10:00:03.445Z","level":"WARN","service":"project-db","message":"WAL cleanup skipped — replication slot requires retention","metadata":{"slot_name":"project_replica_slot","wal_segments_retained":312,"retained_wal_mb":49152,"cleanup_blocked":true}}
{"timestamp":"2024-01-20T10:00:05.778Z","level":"INFO","service":"project-db","message":"Connection pool stats","metadata":{"active_connections":7,"idle_connections":10,"total_connections":17,"max_connections":100,"waiting_clients":0}}
{"timestamp":"2024-01-20T10:10:00.889Z","level":"INFO","service":"project-db","message":"Query execution stats","metadata":{"database":"projectdb","queries_last_5min":492,"avg_query_time_ms":12,"max_query_time_ms":41,"slow_queries":0}}
{"timestamp":"2024-01-20T10:15:00.001Z","level":"WARN","service":"project-db","message":"Replication slot has no active subscriber","metadata":{"slot_name":"project_replica_slot","database":"projectdb","active":false,"retained_wal_mb":50176,"slot_type":"physical","created_at":"2024-01-10T09:00:00Z"}}
{"timestamp":"2024-01-20T10:15:00.112Z","level":"WARN","service":"project-db","message":"Disk usage above warning threshold","metadata":{"disk_usage_percent":90.2,"total_disk_gb":100,"used_disk_gb":90.2,"available_disk_gb":9.8,"threshold_percent":90}}
{"timestamp":"2024-01-20T10:20:00.223Z","level":"INFO","service":"project-db","message":"Connection pool stats","metadata":{"active_connections":6,"idle_connections":11,"total_connections":17,"max_connections":100,"waiting_clients":0}}
{"timestamp":"2024-01-20T10:25:00.334Z","level":"INFO","service":"project-db","message":"Autovacuum: processing table audit_log","metadata":{"pid":1243,"database":"projectdb","table":"audit_log","pages_removed":4,"tuples_removed":150,"duration_ms":560}}
{"timestamp":"2024-01-20T10:30:01.445Z","level":"INFO","service":"project-db","message":"Checkpoint starting: wal","metadata":{"pid":1234,"database":"projectdb","wal_size_mb":51200}}
{"timestamp":"2024-01-20T10:30:02.778Z","level":"INFO","service":"project-db","message":"Checkpoint complete","metadata":{"pid":1234,"database":"projectdb","duration_ms":1333,"wal_records_flushed":3550}}
{"timestamp":"2024-01-20T10:30:03.112Z","level":"WARN","service":"project-db","message":"WAL cleanup skipped — replication slot requires retention","metadata":{"slot_name":"project_replica_slot","wal_segments_retained":325,"retained_wal_mb":51200,"cleanup_blocked":true}}
{"timestamp":"2024-01-20T10:30:05.445Z","level":"INFO","service":"project-db","message":"Connection pool stats","metadata":{"active_connections":5,"idle_connections":12,"total_connections":17,"max_connections":100,"waiting_clients":0}}
{"timestamp":"2024-01-20T10:40:00.556Z","level":"INFO","service":"project-db","message":"Query execution stats","metadata":{"database":"projectdb","queries_last_5min":485,"avg_query_time_ms":13,"max_query_time_ms":43,"slow_queries":0}}
{"timestamp":"2024-01-20T10:45:00.667Z","level":"WARN","service":"project-db","message":"Replication slot has no active subscriber","metadata":{"slot_name":"project_replica_slot","database":"projectdb","active":false,"retained_wal_mb":53248,"slot_type":"physical","created_at":"2024-01-10T09:00:00Z"}}
{"timestamp":"2024-01-20T10:45:00.778Z","level":"WARN","service":"project-db","message":"Disk usage above warning threshold","metadata":{"disk_usage_percent":91.1,"total_disk_gb":100,"used_disk_gb":91.1,"available_disk_gb":8.9,"threshold_percent":90}}
{"timestamp":"2024-01-20T10:50:00.889Z","level":"INFO","service":"project-db","message":"Connection pool stats","metadata":{"active_connections":6,"idle_connections":11,"total_connections":17,"max_connections":100,"waiting_clients":0}}
{"timestamp":"2024-01-20T10:55:00.001Z","level":"INFO","service":"project-db","message":"Query execution stats","metadata":{"database":"projectdb","queries_last_5min":498,"avg_query_time_ms":12,"max_query_time_ms":40,"slow_queries":0}}
{"timestamp":"2024-01-20T10:59:59.112Z","level":"INFO","service":"project-db","message":"Checkpoint starting: wal","metadata":{"pid":1234,"database":"projectdb","wal_size_mb":55296}}
{"timestamp":"2024-01-20T10:59:58.445Z","level":"INFO","service":"project-db","message":"Checkpoint complete","metadata":{"pid":1234,"database":"projectdb","duration_ms":1333,"wal_records_flushed":3600}}
{"timestamp":"2024-01-20T10:59:58.778Z","level":"WARN","service":"project-db","message":"WAL cleanup skipped — replication slot requires retention","metadata":{"slot_name":"project_replica_slot","wal_segments_retained":351,"retained_wal_mb":55296,"cleanup_blocked":true}}
{"timestamp":"2024-01-20T10:59:57.112Z","level":"WARN","service":"project-db","message":"Disk usage above critical threshold","metadata":{"disk_usage_percent":92.0,"total_disk_gb":100,"used_disk_gb":92.0,"available_disk_gb":8.0,"threshold_percent":90}}
