{"timestamp":"2024-01-20T08:00:02.112Z","level":"INFO","service":"project-service","message":"Request completed","metadata":{"method":"GET","path":"/api/v1/projects","status":200,"duration_ms":85,"user_id":"user-1142","project_count":12}}
{"timestamp":"2024-01-20T08:05:01.334Z","level":"INFO","service":"project-service","message":"Request completed","metadata":{"method":"POST","path":"/api/v1/projects","status":201,"duration_ms":120,"user_id":"user-0887","project_id":"proj-4401"}}
{"timestamp":"2024-01-20T08:10:00.556Z","level":"INFO","service":"project-service","message":"Request completed","metadata":{"method":"GET","path":"/api/v1/projects/proj-3312","status":200,"duration_ms":42,"user_id":"user-0553"}}
{"timestamp":"2024-01-20T08:15:01.778Z","level":"INFO","service":"project-service","message":"Health check passed","metadata":{"checks":{"database":"UP","cache":"UP","disk":"OK"},"response_time_ms":8}}
{"timestamp":"2024-01-20T08:20:00.889Z","level":"INFO","service":"project-service","message":"Request completed","metadata":{"method":"GET","path":"/api/v1/projects","status":200,"duration_ms":78,"user_id":"user-0994","project_count":8}}
{"timestamp":"2024-01-20T08:30:01.001Z","level":"INFO","service":"project-service","message":"Request completed","metadata":{"method":"PUT","path":"/api/v1/projects/proj-2218","status":200,"duration_ms":95,"user_id":"user-0661"}}
{"timestamp":"2024-01-20T08:40:00.112Z","level":"INFO","service":"project-service","message":"Request completed","metadata":{"method":"GET","path":"/api/v1/projects","status":200,"duration_ms":82,"user_id":"user-1305","project_count":15}}
{"timestamp":"2024-01-20T08:50:01.223Z","level":"INFO","service":"project-service","message":"Request completed","metadata":{"method":"DELETE","path":"/api/v1/projects/proj-1109/tasks/task-8821","status":204,"duration_ms":55,"user_id":"user-0772"}}
{"timestamp":"2024-01-20T09:00:00.334Z","level":"INFO","service":"project-service","message":"Health check passed","metadata":{"checks":{"database":"UP","cache":"UP","disk":"OK"},"response_time_ms":7}}
{"timestamp":"2024-01-20T09:05:01.445Z","level":"INFO","service":"project-service","message":"Request completed","metadata":{"method":"GET","path":"/api/v1/projects","status":200,"duration_ms":90,"user_id":"user-1488","project_count":22}}
{"timestamp":"2024-01-20T09:10:00.556Z","level":"INFO","service":"project-service","message":"Request completed","metadata":{"method":"PATCH","path":"/api/v1/projects/proj-3317","status":200,"duration_ms":68,"user_id":"user-0441"}}
{"timestamp":"2024-01-20T09:15:01.667Z","level":"INFO","service":"project-service","message":"Request completed","metadata":{"method":"GET","path":"/api/v1/projects/proj-2905/members","status":200,"duration_ms":35,"user_id":"user-1142"}}
{"timestamp":"2024-01-20T09:25:00.778Z","level":"INFO","service":"project-service","message":"Request completed","metadata":{"method":"POST","path":"/api/v1/projects/proj-3312/tasks","status":201,"duration_ms":110,"user_id":"user-0553"}}
{"timestamp":"2024-01-20T09:30:01.889Z","level":"INFO","service":"project-service","message":"Request completed","metadata":{"method":"GET","path":"/api/v1/projects","status":200,"duration_ms":88,"user_id":"user-0216","project_count":6}}
{"timestamp":"2024-01-20T09:40:00.001Z","level":"INFO","service":"project-service","message":"Request completed","metadata":{"method":"GET","path":"/api/v1/projects","status":200,"duration_ms":76,"user_id":"user-0994","project_count":8}}
{"timestamp":"2024-01-20T09:45:01.112Z","level":"INFO","service":"project-service","message":"Health check passed","metadata":{"checks":{"database":"UP","cache":"UP","disk":"OK"},"response_time_ms":9}}
{"timestamp":"2024-01-20T09:50:00.223Z","level":"INFO","service":"project-service","message":"Request completed","metadata":{"method":"PUT","path":"/api/v1/projects/proj-4401","status":200,"duration_ms":92,"user_id":"user-0887"}}
{"timestamp":"2024-01-20T10:00:01.334Z","level":"INFO","service":"project-service","message":"Request completed","metadata":{"method":"GET","path":"/api/v1/projects","status":200,"duration_ms":81,"user_id":"user-1305","project_count":15}}
{"timestamp":"2024-01-20T10:05:00.445Z","level":"INFO","service":"project-service","message":"Request completed","metadata":{"method":"GET","path":"/api/v1/projects/proj-2218","status":200,"duration_ms":38,"user_id":"user-0661"}}
{"timestamp":"2024-01-20T10:15:01.556Z","level":"INFO","service":"project-service","message":"Request completed","metadata":{"method":"POST","path":"/api/v1/projects","status":201,"duration_ms":115,"user_id":"user-1488","project_id":"proj-4402"}}
{"timestamp":"2024-01-20T10:20:00.667Z","level":"INFO","service":"project-service","message":"Request completed","metadata":{"method":"GET","path":"/api/v1/projects","status":200,"duration_ms":79,"user_id":"user-0772","project_count":11}}
{"timestamp":"2024-01-20T10:30:01.778Z","level":"INFO","service":"project-service","message":"Health check passed","metadata":{"checks":{"database":"UP","cache":"UP","disk":"OK"},"response_time_ms":8}}
{"timestamp":"2024-01-20T10:35:00.889Z","level":"INFO","service":"project-service","message":"Request completed","metadata":{"method":"GET","path":"/api/v1/projects","status":200,"duration_ms":84,"user_id":"user-0441","project_count":9}}
{"timestamp":"2024-01-20T10:40:01.001Z","level":"INFO","service":"project-service","message":"Request completed","metadata":{"method":"PATCH","path":"/api/v1/projects/proj-3317","status":200,"duration_ms":62,"user_id":"user-0441"}}
{"timestamp":"2024-01-20T10:45:00.112Z","level":"INFO","service":"project-service","message":"Request completed","metadata":{"method":"GET","path":"/api/v1/projects","status":200,"duration_ms":87,"user_id":"user-1142","project_count":12}}
{"timestamp":"2024-01-20T10:50:01.223Z","level":"INFO","service":"project-service","message":"Request completed","metadata":{"method":"GET","path":"/api/v1/projects/proj-4402","status":200,"duration_ms":41,"user_id":"user-1488"}}
{"timestamp":"2024-01-20T10:55:00.334Z","level":"INFO","service":"project-service","message":"Request completed","metadata":{"method":"GET","path":"/api/v1/projects","status":200,"duration_ms":83,"user_id":"user-0216","project_count":6}}
{"timestamp":"2024-01-20T10:59:59.445Z","level":"INFO","service":"project-service","message":"Health check passed","metadata":{"checks":{"database":"UP","cache":"UP","disk":"OK"},"response_time_ms":7}}
{"timestamp":"2024-01-20T10:59:58.556Z","level":"INFO","service":"project-service","message":"Request completed","metadata":{"method":"GET","path":"/api/v1/projects","status":200,"duration_ms":80,"user_id":"user-0994","project_count":8}}
{"timestamp":"2024-01-20T10:59:57.667Z","level":"INFO","service":"project-service","message":"Request completed","metadata":{"method":"POST","path":"/api/v1/projects/proj-2905/comments","status":201,"duration_ms":58,"user_id":"user-1142"}}
