{"timestamp":"2024-01-15T12:00:05.112Z","level":"INFO","service":"project-db","message":"Checkpoint starting: wal","metadata":{"pid":1234,"database":"projectdb","wal_size_mb":24}}
{"timestamp":"2024-01-15T12:00:05.890Z","level":"INFO","service":"project-db","message":"Checkpoint complete","metadata":{"pid":1234,"database":"projectdb","duration_ms":778,"wal_records_flushed":1420}}
{"timestamp":"2024-01-15T12:05:00.334Z","level":"INFO","service":"project-db","message":"Connection pool stats","metadata":{"active_connections":5,"idle_connections":12,"total_connections":17,"max_connections":100,"waiting_clients":0}}
{"timestamp":"2024-01-15T12:10:00.445Z","level":"INFO","service":"project-db","message":"Connection pool stats","metadata":{"active_connections":4,"idle_connections":13,"total_connections":17,"max_connections":100,"waiting_clients":0}}
{"timestamp":"2024-01-15T12:15:00.556Z","level":"INFO","service":"project-db","message":"Autovacuum: processing table projects","metadata":{"pid":1240,"database":"projectdb","table":"projects","pages_removed":12,"tuples_removed":340,"duration_ms":1200}}
{"timestamp":"2024-01-15T12:20:00.667Z","level":"INFO","service":"project-db","message":"Connection pool stats","metadata":{"active_connections":6,"idle_connections":11,"total_connections":17,"max_connections":100,"waiting_clients":0}}
{"timestamp":"2024-01-15T12:30:00.778Z","level":"INFO","service":"project-db","message":"Connection pool stats","metadata":{"active_connections":3,"idle_connections":14,"total_connections":17,"max_connections":100,"waiting_clients":0}}
{"timestamp":"2024-01-15T12:30:02.112Z","level":"INFO","service":"project-db","message":"Checkpoint starting: wal","metadata":{"pid":1234,"database":"projectdb","wal_size_mb":18}}
{"timestamp":"2024-01-15T12:30:02.667Z","level":"INFO","service":"project-db","message":"Checkpoint complete","metadata":{"pid":1234,"database":"projectdb","duration_ms":555,"wal_records_flushed":980}}
{"timestamp":"2024-01-15T12:45:00.889Z","level":"INFO","service":"project-db","message":"Connection pool stats","metadata":{"active_connections":5,"idle_connections":12,"total_connections":17,"max_connections":100,"waiting_clients":0}}
{"timestamp":"2024-01-15T13:00:01.001Z","level":"INFO","service":"project-db","message":"Checkpoint starting: wal","metadata":{"pid":1234,"database":"projectdb","wal_size_mb":22}}
{"timestamp":"2024-01-15T13:00:01.445Z","level":"INFO","service":"project-db","message":"Checkpoint complete","metadata":{"pid":1234,"database":"projectdb","duration_ms":444,"wal_records_flushed":870}}
{"timestamp":"2024-01-15T13:00:05.112Z","level":"INFO","service":"project-db","message":"Connection pool stats","metadata":{"active_connections":7,"idle_connections":10,"total_connections":17,"max_connections":100,"waiting_clients":0}}
{"timestamp":"2024-01-15T13:15:00.223Z","level":"INFO","service":"project-db","message":"Connection pool stats","metadata":{"active_connections":4,"idle_connections":13,"total_connections":17,"max_connections":100,"waiting_clients":0}}
{"timestamp":"2024-01-15T13:30:00.334Z","level":"INFO","service":"project-db","message":"Connection pool stats","metadata":{"active_connections":6,"idle_connections":11,"total_connections":17,"max_connections":100,"waiting_clients":0}}
{"timestamp":"2024-01-15T13:30:01.112Z","level":"INFO","service":"project-db","message":"Checkpoint starting: wal","metadata":{"pid":1234,"database":"projectdb","wal_size_mb":20}}
{"timestamp":"2024-01-15T13:30:01.556Z","level":"INFO","service":"project-db","message":"Checkpoint complete","metadata":{"pid":1234,"database":"projectdb","duration_ms":444,"wal_records_flushed":910}}
{"timestamp":"2024-01-15T13:45:00.445Z","level":"INFO","service":"project-db","message":"Connection pool stats","metadata":{"active_connections":8,"idle_connections":12,"total_connections":20,"max_connections":100,"waiting_clients":0}}
{"timestamp":"2024-01-15T13:45:01.001Z","level":"INFO","service":"project-db","message":"New connections established from project-service v2.3.1","metadata":{"new_connections":3,"source_ip":"10.0.4.22","application_name":"project-service"}}
{"timestamp":"2024-01-15T14:00:00.556Z","level":"INFO","service":"project-db","message":"Connection pool stats","metadata":{"active_connections":8,"idle_connections":12,"total_connections":20,"max_connections":100,"waiting_clients":0}}
{"timestamp":"2024-01-15T14:00:01.112Z","level":"INFO","service":"project-db","message":"Checkpoint starting: wal","metadata":{"pid":1234,"database":"projectdb","wal_size_mb":25}}
{"timestamp":"2024-01-15T14:00:01.778Z","level":"INFO","service":"project-db","message":"Checkpoint complete","metadata":{"pid":1234,"database":"projectdb","duration_ms":666,"wal_records_flushed":1550}}
{"timestamp":"2024-01-15T14:02:30.112Z","level":"INFO","service":"project-db","message":"Query stats: gdpr_audit_log table","metadata":{"table":"gdpr_audit_log","queries_last_5min":94,"avg_query_time_ms":38,"max_query_time_ms":52,"rows_examined":14200,"seq_scans":0,"index_scans":94}}
{"timestamp":"2024-01-15T14:05:00.667Z","level":"INFO","service":"project-db","message":"Connection pool stats","metadata":{"active_connections":14,"idle_connections":6,"total_connections":20,"max_connections":100,"waiting_clients":0}}
{"timestamp":"2024-01-15T14:07:30.223Z","level":"INFO","service":"project-db","message":"Query stats: gdpr_audit_log table","metadata":{"table":"gdpr_audit_log","queries_last_5min":287,"avg_query_time_ms":41,"max_query_time_ms":55,"rows_examined":43050,"seq_scans":0,"index_scans":287}}
{"timestamp":"2024-01-15T14:10:00.778Z","level":"INFO","service":"project-db","message":"Connection pool stats","metadata":{"active_connections":16,"idle_connections":4,"total_connections":20,"max_connections":100,"waiting_clients":0}}
{"timestamp":"2024-01-15T14:12:30.334Z","level":"INFO","service":"project-db","message":"Query stats: gdpr_audit_log table","metadata":{"table":"gdpr_audit_log","queries_last_5min":412,"avg_query_time_ms":44,"max_query_time_ms":58,"rows_examined":61800,"seq_scans":0,"index_scans":412}}
{"timestamp":"2024-01-15T14:12:30.340Z","level":"WARN","service":"project-db","message":"High query volume detected on table","metadata":{"table":"gdpr_audit_log","queries_per_second":1.4,"normal_baseline_qps":0.1,"increase_factor":"14x"}}
{"timestamp":"2024-01-15T14:15:00.889Z","level":"INFO","service":"project-db","message":"Connection pool stats","metadata":{"active_connections":18,"idle_connections":4,"total_connections":22,"max_connections":100,"waiting_clients":0}}
{"timestamp":"2024-01-15T14:17:30.445Z","level":"INFO","service":"project-db","message":"Query stats: gdpr_audit_log table","metadata":{"table":"gdpr_audit_log","queries_last_5min":538,"avg_query_time_ms":43,"max_query_time_ms":61,"rows_examined":80700,"seq_scans":0,"index_scans":538}}
{"timestamp":"2024-01-15T14:20:00.112Z","level":"INFO","service":"project-db","message":"Connection pool stats","metadata":{"active_connections":19,"idle_connections":3,"total_connections":22,"max_connections":100,"waiting_clients":0}}
{"timestamp":"2024-01-15T14:22:30.556Z","level":"INFO","service":"project-db","message":"Query stats: gdpr_audit_log table","metadata":{"table":"gdpr_audit_log","queries_last_5min":620,"avg_query_time_ms":45,"max_query_time_ms":64,"rows_examined":93000,"seq_scans":0,"index_scans":620}}
{"timestamp":"2024-01-15T14:22:30.560Z","level":"WARN","service":"project-db","message":"High query volume detected on table","metadata":{"table":"gdpr_audit_log","queries_per_second":2.1,"normal_baseline_qps":0.1,"increase_factor":"21x"}}
{"timestamp":"2024-01-15T14:25:00.223Z","level":"INFO","service":"project-db","message":"Connection pool stats","metadata":{"active_connections":20,"idle_connections":2,"total_connections":22,"max_connections":100,"waiting_clients":0}}
{"timestamp":"2024-01-15T14:27:30.667Z","level":"INFO","service":"project-db","message":"Query stats: gdpr_audit_log table","metadata":{"table":"gdpr_audit_log","queries_last_5min":710,"avg_query_time_ms":46,"max_query_time_ms":67,"rows_examined":106500,"seq_scans":0,"index_scans":710}}
{"timestamp":"2024-01-15T14:30:00.334Z","level":"INFO","service":"project-db","message":"Checkpoint starting: wal","metadata":{"pid":1234,"database":"projectdb","wal_size_mb":48}}
{"timestamp":"2024-01-15T14:30:01.445Z","level":"INFO","service":"project-db","message":"Checkpoint complete","metadata":{"pid":1234,"database":"projectdb","duration_ms":1111,"wal_records_flushed":4820}}
{"timestamp":"2024-01-15T14:30:05.001Z","level":"INFO","service":"project-db","message":"Connection pool stats","metadata":{"active_connections":20,"idle_connections":2,"total_connections":22,"max_connections":100,"waiting_clients":2}}
{"timestamp":"2024-01-15T14:35:00.112Z","level":"INFO","service":"project-db","message":"Connection pool stats","metadata":{"active_connections":21,"idle_connections":1,"total_connections":22,"max_connections":100,"waiting_clients":3}}
{"timestamp":"2024-01-15T14:40:00.223Z","level":"INFO","service":"project-db","message":"Autovacuum: processing table gdpr_audit_log","metadata":{"pid":1245,"database":"projectdb","table":"gdpr_audit_log","pages_removed":0,"tuples_removed":0,"duration_ms":340,"note":"table is hot — frequent reads detected"}}
{"timestamp":"2024-01-15T14:45:00.334Z","level":"INFO","service":"project-db","message":"Connection pool stats","metadata":{"active_connections":22,"idle_connections":0,"total_connections":22,"max_connections":100,"waiting_clients":4}}
{"timestamp":"2024-01-15T14:50:00.445Z","level":"INFO","service":"project-db","message":"Query stats: gdpr_audit_log table","metadata":{"table":"gdpr_audit_log","queries_last_5min":830,"avg_query_time_ms":47,"max_query_time_ms":70,"rows_examined":124500,"seq_scans":0,"index_scans":830}}
{"timestamp":"2024-01-15T14:50:00.450Z","level":"WARN","service":"project-db","message":"High query volume detected on table","metadata":{"table":"gdpr_audit_log","queries_per_second":2.8,"normal_baseline_qps":0.1,"increase_factor":"28x"}}
{"timestamp":"2024-01-15T14:55:00.556Z","level":"INFO","service":"project-db","message":"Connection pool stats","metadata":{"active_connections":22,"idle_connections":0,"total_connections":22,"max_connections":100,"waiting_clients":5}}
{"timestamp":"2024-01-15T15:00:00.667Z","level":"INFO","service":"project-db","message":"Checkpoint starting: wal","metadata":{"pid":1234,"database":"projectdb","wal_size_mb":55}}
{"timestamp":"2024-01-15T14:59:58.889Z","level":"INFO","service":"project-db","message":"Checkpoint complete","metadata":{"pid":1234,"database":"projectdb","duration_ms":1222,"wal_records_flushed":6100}}
{"timestamp":"2024-01-15T14:59:59.001Z","level":"INFO","service":"project-db","message":"Connection pool stats","metadata":{"active_connections":22,"idle_connections":0,"total_connections":22,"max_connections":100,"waiting_clients":6}}
