{"timestamp":"2024-01-28T13:00:03.221Z","level":"INFO","service":"auth-service","message":"Token validation request processed","metadata":{"request_id":"req-as1a2b3c","trace_id":"tr-00fa2001","user_id":"USR-4410","auth_method":"bearer_jwt","validation_result":"valid","duration_ms":4}}
{"timestamp":"2024-01-28T13:05:18.554Z","level":"INFO","service":"auth-service","message":"Session created for user","metadata":{"request_id":"req-as5d6e7f","trace_id":"tr-00fa2010","user_id":"USR-8812","session_id":"sess-f1a2b3c4","ttl_hours":24,"region":"us-east-1"}}
{"timestamp":"2024-01-28T13:10:44.887Z","level":"INFO","service":"auth-service","message":"Token refresh completed","metadata":{"request_id":"req-as9a0b1c","trace_id":"tr-00fa2020","user_id":"USR-6678","old_token_expiry":"2024-01-28T13:10:00Z","new_token_expiry":"2024-01-28T17:10:00Z"}}
{"timestamp":"2024-01-28T13:15:22.003Z","level":"INFO","service":"auth-service","message":"Health check endpoint called","metadata":{"thread":"http-nio-8081-exec-1","status":"UP","db":"UP","redis":"UP"}}
{"timestamp":"2024-01-28T13:20:09.338Z","level":"INFO","service":"auth-service","message":"Token validation request processed","metadata":{"request_id":"req-asd3e4f5","trace_id":"tr-00fa2030","user_id":"USR-7103","auth_method":"bearer_jwt","validation_result":"valid","duration_ms":3}}
{"timestamp":"2024-01-28T13:25:41.665Z","level":"INFO","service":"auth-service","message":"Failed login attempt","metadata":{"request_id":"req-asb7c8d9","trace_id":"tr-00fa2040","username":"unknown@test.com","reason":"invalid_credentials","client_ip":"203.0.113.250","attempt_count":1}}
{"timestamp":"2024-01-28T13:29:55.001Z","level":"INFO","service":"auth-service","message":"Application shutting down for deployment","metadata":{"thread":"main","version":"v2.0.1","reason":"deployment","deploy_id":"DEPLOY-AS-015"}}
{"timestamp":"2024-01-28T13:30:00.112Z","level":"INFO","service":"auth-service","message":"Application restarting — version v2.0.2","metadata":{"thread":"main","previous_version":"v2.0.1","new_version":"v2.0.2","deploy_id":"DEPLOY-AS-015","change_summary":"Update session TTL from 24h to 12h"}}
{"timestamp":"2024-01-28T13:30:08.445Z","level":"INFO","service":"auth-service","message":"Database connection pool initialized","metadata":{"thread":"main","pool_size":10,"max_pool_size":20,"connection_timeout_ms":30000}}
{"timestamp":"2024-01-28T13:30:12.778Z","level":"INFO","service":"auth-service","message":"Redis connection established","metadata":{"thread":"main","cluster":"cache-prod-01","node_count":3,"ping_latency_ms":2}}
{"timestamp":"2024-01-28T13:30:17.001Z","level":"INFO","service":"auth-service","message":"Application started successfully","metadata":{"thread":"main","version":"v2.0.2","startup_time_ms":16889,"port":8081,"profile":"production"}}
{"timestamp":"2024-01-28T13:35:33.334Z","level":"INFO","service":"auth-service","message":"Token validation request processed","metadata":{"request_id":"req-asf1a2b3","trace_id":"tr-00fa2050","user_id":"USR-3347","auth_method":"bearer_jwt","validation_result":"valid","duration_ms":3}}
{"timestamp":"2024-01-28T13:42:11.665Z","level":"INFO","service":"auth-service","message":"Session created for user","metadata":{"request_id":"req-asc5d6e7","trace_id":"tr-00fa2060","user_id":"USR-2200","session_id":"sess-a5b6c7d8","ttl_hours":12,"region":"eu-west-1"}}
{"timestamp":"2024-01-28T13:50:28.001Z","level":"INFO","service":"auth-service","message":"Token validation request processed","metadata":{"request_id":"req-asa9b0c1","trace_id":"tr-00fa2070","user_id":"USR-5590","auth_method":"bearer_jwt","validation_result":"valid","duration_ms":4}}
{"timestamp":"2024-01-28T14:00:15.338Z","level":"INFO","service":"auth-service","message":"Health check endpoint called","metadata":{"thread":"http-nio-8081-exec-2","status":"UP","db":"UP","redis":"UP"}}
{"timestamp":"2024-01-28T14:10:42.665Z","level":"INFO","service":"auth-service","message":"Token validation request processed","metadata":{"request_id":"req-asd3e4f6","trace_id":"tr-00fa2080","user_id":"USR-9912","auth_method":"bearer_jwt","validation_result":"valid","duration_ms":3}}
{"timestamp":"2024-01-28T14:22:09.001Z","level":"INFO","service":"auth-service","message":"Session created for user","metadata":{"request_id":"req-asb7c8d0","trace_id":"tr-00fa2090","user_id":"USR-1190","session_id":"sess-e9f0a1b2","ttl_hours":12,"region":"us-east-1"}}
{"timestamp":"2024-01-28T14:35:44.334Z","level":"INFO","service":"auth-service","message":"Token refresh completed","metadata":{"request_id":"req-asf1a2b4","trace_id":"tr-00fa20a0","user_id":"USR-4410","old_token_expiry":"2024-01-28T15:03:00Z","new_token_expiry":"2024-01-28T18:35:00Z"}}
{"timestamp":"2024-01-28T14:48:18.665Z","level":"INFO","service":"auth-service","message":"Token validation request processed","metadata":{"request_id":"req-asc5d6e8","trace_id":"tr-00fa20b0","user_id":"USR-7103","auth_method":"bearer_jwt","validation_result":"valid","duration_ms":3}}
{"timestamp":"2024-01-28T14:58:05.001Z","level":"INFO","service":"auth-service","message":"Health check endpoint called","metadata":{"thread":"http-nio-8081-exec-3","status":"UP","db":"UP","redis":"UP"}}
